c:\projects\proge iv\coursework2dll\coursework2dll\x64\debug\coursework2dll.pch
c:\projects\proge iv\coursework2dll\coursework2dll\x64\debug\vc143.pdb
c:\projects\proge iv\coursework2dll\coursework2dll\x64\debug\vc143.idb
c:\projects\proge iv\coursework2dll\coursework2dll\x64\debug\pch.obj
c:\projects\proge iv\coursework2dll\coursework2dll\x64\debug\gps.obj
c:\projects\proge iv\coursework2dll\coursework2dll\x64\debug\entry.obj
c:\projects\proge iv\coursework2dll\coursework2dll\x64\debug\dllmain.obj
c:\projects\proge iv\coursework2dll\coursework2dll\x64\debug\coursework2dll.obj
c:\projects\proge iv\coursework2dll\x64\debug\coursework2dll.dll
c:\projects\proge iv\coursework2dll\x64\debug\coursework2dll.pdb
c:\projects\proge iv\coursework2dll\x64\debug\coursework2dll.lib
c:\projects\proge iv\coursework2dll\x64\debug\coursework2dll.exp
c:\projects\proge iv\coursework2dll\coursework2dll\x64\debug\coursework2dll.ilk
c:\projects\proge iv\coursework2dll\coursework2dll\x64\debug\coursework2dll.tlog\cl.command.1.tlog
c:\projects\proge iv\coursework2dll\coursework2dll\x64\debug\coursework2dll.tlog\cl.items.tlog
c:\projects\proge iv\coursework2dll\coursework2dll\x64\debug\coursework2dll.tlog\cl.read.1.tlog
c:\projects\proge iv\coursework2dll\coursework2dll\x64\debug\coursework2dll.tlog\cl.write.1.tlog
c:\projects\proge iv\coursework2dll\coursework2dll\x64\debug\coursework2dll.tlog\link.command.1.tlog
c:\projects\proge iv\coursework2dll\coursework2dll\x64\debug\coursework2dll.tlog\link.read.1.tlog
c:\projects\proge iv\coursework2dll\coursework2dll\x64\debug\coursework2dll.tlog\link.secondary.1.tlog
c:\projects\proge iv\coursework2dll\coursework2dll\x64\debug\coursework2dll.tlog\link.write.1.tlog
